
> app@0.1.0 build
> next build

node.exe : ΓÜá 
`eslint` configuration 
in next.config.ts is 
no longer supported. 
See more info here: htt
ps://nextjs.org/docs/ap
p/api-reference/cli/nex
t#next-lint-options
At line:1 char:1
+ & "C:\Program 
Files\nodejs/node.exe" 
"C:\Users\Firash\AppDat
a\Roaming ...
+ ~~~~~~~~~~~~~~~~~~~~~
~~~~~~~~~~~~~~~~~~~~~~~
~~~~~~~~~~~~~~~~~~~~~~~
~~
    + CategoryInfo     
         : NotSpecifi  
  ed: (ΓÜá `eslint`    
 co...xt-lint-optio    
ns:String) [], Rem    
oteException
    + FullyQualifiedEr 
   rorId : NativeComm  
  andError
 
ΓÜá Invalid 
next.config.ts options 
detected: 
ΓÜá     Unrecognized 
key(s) in object: 
'eslint'
ΓÜá See more info 
here: https://nextjs.or
g/docs/messages/invalid
-next-config
Γû▓ Next.js 16.1.6 (Turbopack)

  Creating an optimized production build ...
Turbopack build 
encountered 1 warnings:
./585/elitepro/tailwind
.config.ts:1:1
Module not found: 
Can't resolve '@radix-u
i/react-themes'
[0m[31m[1m>[22m[39
m[90m 1 |[39m 
[36mimport[39m { 
createTheme } 
[36mfrom[39m [32m'@r
adix-ui/react-themes'[
39m[33m;[39m
 [90m   |[39m [31m[
1m^[22m[39m[31m[1m^
[22m[39m[31m[1m^[2
2m[39m[31m[1m^[22m
[39m[31m[1m^[22m[39
m[31m[1m^[22m[39m[
31m[1m^[22m[39m[31m
[1m^[22m[39m[31m[1
m^[22m[39m[31m[1m^
[22m[39m[31m[1m^[22
m[39m[31m[1m^[22m[
39m[31m[1m^[22m[39m
[31m[1m^[22m[39m[3
1m[1m^[22m[39m[31m
[1m^[22m[39m[31m[1m
^[22m[39m[31m[1m^[
22m[39m[31m[1m^[22m
[39m[31m[1m^[22m[3
9m[31m[1m^[22m[39m
[31m[1m^[22m[39m[31
m[1m^[22m[39m[31m[
1m^[22m[39m[31m[1m^
[22m[39m[31m[1m^[2
2m[39m[31m[1m^[22m
[39m[31m[1m^[22m[39
m[31m[1m^[22m[39m[
31m[1m^[22m[39m[31m
[1m^[22m[39m[31m[1
m^[22m[39m[31m[1m^
[22m[39m[31m[1m^[22
m[39m[31m[1m^[22m[
39m[31m[1m^[22m[39m
[31m[1m^[22m[39m[3
1m[1m^[22m[39m[31m
[1m^[22m[39m[31m[1m
^[22m[39m[31m[1m^[
22m[39m[31m[1m^[22m
[39m[31m[1m^[22m[3
9m[31m[1m^[22m[39m
[31m[1m^[22m[39m[31
m[1m^[22m[39m[31m[
1m^[22m[39m[31m[1m^
[22m[39m[31m[1m^[2
2m[39m[31m[1m^[22m
[39m[31m[1m^[22m[39
m[31m[1m^[22m[39m[
31m[1m^[22m[39m
 [90m 2 |[39m
 [90m 3 |[39m 
[36mexport[39m 
[36mconst[39m theme 
[33m=[39m 
createTheme({
 [90m 4 |[39m   
colors[33m:[39m {[0m



https://nextjs.org/docs
/messages/module-not-fo
und


Γ£ô Compiled successfully in 5.4s
  Skipping validation of types
  Collecting page data using 11 workers ...
  Generating static pages using 11 workers (0/4) ...
  Generating static pages using 11 workers (1/4) 
  Generating static pages using 11 workers (2/4) 
  Generating static pages using 11 workers (3/4) 
Γ£ô Generating static pages using 11 workers (4/4) in 588.1ms
  Finalizing page optimization ...

Route (app)
Γöî Γùï /
Γöö Γùï /_not-found


Γùï  (Static)  prerendered as static content

